psql: error: FATAL:  database "tmp_db_timescale_migrate_test" does not exist
